
./octez-client --protocol Pt1vxQvxfksQW13WBfDWc9CF87mw982NKAjGhixUAtVM5mBw2m1 --mode mockup --no-base-dir-warnings run script michelson_test_scripts/opcodes/str_id.tz on storage None and input '"abcd"' --level 1 --trace-stack
storage
  (Some "abcd")
emitted operations
  
big_map diff
  
trace
  - location: 8 (just consumed gas: 4.408)
    [ (Pair "abcd" None) ]
  - location: 8 (just consumed gas: 0.010)
    [ "abcd" ]
  - location: 9 (just consumed gas: 0.010)
    [ (Some "abcd") ]
  - location: 10 (just consumed gas: 0.010)
    [ {}
      (Some "abcd") ]
  - location: 12 (just consumed gas: 0.010)
    [ (Pair {} (Some "abcd")) ]

