
./octez-client --protocol PtParisBQscdCm6Cfow6ndeU6wKJyA3aV1j4D3gQBQMsTQyJCrz --mode mockup --no-base-dir-warnings run script michelson_test_scripts/opcodes/list_concat.tz on storage '"abc"' and input '{}' --level 1 --trace-stack
storage
  "abc"
emitted operations
  
big_map diff
  
trace
  - location: 8 (just consumed gas: 5.567)
    [ (Pair {} "abc") ]
  - location: 8 (just consumed gas: 0.010)
    [ {}
      "abc" ]
  - location: 9 (just consumed gas: 0.010)
    [ "abc"
      {} ]
  - location: 10 (just consumed gas: 0.010)
    [ { "abc" } ]
  - location: 11 (just consumed gas: 0.111)
    [ "abc" ]
  - location: 12 (just consumed gas: 0.010)
    [ {}
      "abc" ]
  - location: 14 (just consumed gas: 0.010)
    [ (Pair {} "abc") ]

