
./octez-client --protocol PtQuebeckFQ2o9nDghrNQf6N9qyBM8kHf2daUzEcSPKo1C7B35T --mode mockup --no-base-dir-warnings run script michelson_test_scripts/opcodes/list_id_map.tz on storage '{""}' and input '{ "1" ; "2" ; "3" }' --level 1 --trace-stack
storage
  { "1" ; "2" ; "3" }
emitted operations
  
big_map diff
  
trace
  - location: 9 (just consumed gas: 5.377)
    [ (Pair { "1" ; "2" ; "3" } { "" }) ]
  - location: 9 (just consumed gas: 0.010)
    [ { "1" ; "2" ; "3" } ]
  - location: 10 (just consumed gas: 0.050)
    [ "1" ]
  - location: 10 (just consumed gas: 0.055)
    [ "2" ]
  - location: 10 (just consumed gas: 0.055)
    [ "3" ]
  - location: 10 (just consumed gas: 0.069)
    [ { "1" ; "2" ; "3" } ]
  - location: 12 (just consumed gas: 0.010)
    [ {}
      { "1" ; "2" ; "3" } ]
  - location: 14 (just consumed gas: 0.010)
    [ (Pair {} { "1" ; "2" ; "3" }) ]

