
./octez-client --protocol PtQuebeckFQ2o9nDghrNQf6N9qyBM8kHf2daUzEcSPKo1C7B35T --mode mockup --no-base-dir-warnings run script michelson_test_scripts/opcodes/get_and_update_map.tz on storage '(Pair None {})' and input '"hello"' --level 1 --trace-stack
storage
  (Pair None {})
emitted operations
  
big_map diff
  
trace
  - location: 13 (just consumed gas: 7.684)
    [ (Pair "hello" None {}) ]
  - location: 13 (just consumed gas: 0.010)
    [ "hello"
      (Pair None {}) ]
  - location: 14 (just consumed gas: 0.010)
    [ (Pair None {}) ]
  - location: 16 (just consumed gas: 0.010)
    [ None
      {} ]
  - location: 14 (just consumed gas: 0.035)
    [ "hello"
      None
      {} ]
  - location: 17 (just consumed gas: 0.076)
    [ None
      {} ]
  - location: 18 (just consumed gas: 0.010)
    [ (Pair None {}) ]
  - location: 19 (just consumed gas: 0.010)
    [ {}
      (Pair None {}) ]
  - location: 21 (just consumed gas: 0.010)
    [ (Pair {} None {}) ]

