Block hash: 0x49b00766d13cb085fdf798c53fd075ba1623e4d847cd2433d456cf109e301698
