Block hash: 0x73ae12394a756b443de566a272e86a7482a7c16c666819d4c075b60b91620070
