Block hash: 0x79011f57ae9cb1d7ed5e1ef2f0a01cd357d6890aebae54d0b44ec2a69d0b4887
