GET http://[HOST]:[PORT]/p2p/gossipsub/connections
200 OK
[{"peer":"[PEER]","connection":{"topics":[{"slot_index":0,"pkh":"[PUBLIC_KEY_HASH]"},{"slot_index":0,"pkh":"[PUBLIC_KEY_HASH]"},{"slot_index":0,"pkh":"[PUBLIC_KEY_HASH]"},{"slot_index":0,"pkh":"[PUBLIC_KEY_HASH]"},{"slot_index":0,"pkh":"[PUBLIC_KEY_HASH]"}],"direct":false,"outbound":false}},{"peer":"[PEER]","connection":{"topics":[{"slot_index":0,"pkh":"[PUBLIC_KEY_HASH]"},{"slot_index":0,"pkh":"[PUBLIC_KEY_HASH]"},{"slot_index":0,"pkh":"[PUBLIC_KEY_HASH]"},{"slot_index":0,"pkh":"[PUBLIC_KEY_HASH]"},{"slot_index":0,"pkh":"[PUBLIC_KEY_HASH]"},{"slot_index":1,"pkh":"[PUBLIC_KEY_HASH]"},{"slot_index":1,"pkh":"[PUBLIC_KEY_HASH]"},{"slot_index":1,"pkh":"[PUBLIC_KEY_HASH]"},{"slot_index":1,"pkh":"[PUBLIC_KEY_HASH]"},{"slot_index":1,"pkh":"[PUBLIC_KEY_HASH]"},{"slot_index":2,"pkh":"[PUBLIC_KEY_HASH]"},{"slot_index":2,"pkh":"[PUBLIC_KEY_HASH]"},{"slot_index":2,"pkh":"[PUBLIC_KEY_HASH]"},{"slot_index":2,"pkh":"[PUBLIC_KEY_HASH]"},{"slot_index":2,"pkh":"[PUBLIC_KEY_HASH]"},{"slot_index":3,"pkh":"[PUBLIC_KEY_HASH]"},{"slot_index":3,"pkh":"[PUBLIC_KEY_HASH]"},{"slot_index":3,"pkh":"[PUBLIC_KEY_HASH]"},{"slot_index":3,"pkh":"[PUBLIC_KEY_HASH]"},{"slot_index":3,"pkh":"[PUBLIC_KEY_HASH]"},{"slot_index":4,"pkh":"[PUBLIC_KEY_HASH]"},{"slot_index":4,"pkh":"[PUBLIC_KEY_HASH]"},{"slot_index":4,"pkh":"[PUBLIC_KEY_HASH]"},{"slot_index":4,"pkh":"[PUBLIC_KEY_HASH]"},{"slot_index":4,"pkh":"[PUBLIC_KEY_HASH]"},{"slot_index":5,"pkh":"[PUBLIC_KEY_HASH]"},{"slot_index":5,"pkh":"[PUBLIC_KEY_HASH]"},{"slot_index":5,"pkh":"[PUBLIC_KEY_HASH]"},{"slot_index":5,"pkh":"[PUBLIC_KEY_HASH]"},{"slot_index":5,"pkh":"[PUBLIC_KEY_HASH]"},{"slot_index":6,"pkh":"[PUBLIC_KEY_HASH]"},{"slot_index":6,"pkh":"[PUBLIC_KEY_HASH]"},{"slot_index":6,"pkh":"[PUBLIC_KEY_HASH]"},{"slot_index":6,"pkh":"[PUBLIC_KEY_HASH]"},{"slot_index":6,"pkh":"[PUBLIC_KEY_HASH]"},{"slot_index":7,"pkh":"[PUBLIC_KEY_HASH]"},{"slot_index":7,"pkh":"[PUBLIC_KEY_HASH]"},{"slot_index":7,"pkh":"[PUBLIC_KEY_HASH]"},{"slot_index":7,"pkh":"[PUBLIC_KEY_HASH]"},{"slot_index":7,"pkh":"[PUBLIC_KEY_HASH]"},{"slot_index":8,"pkh":"[PUBLIC_KEY_HASH]"},{"slot_index":8,"pkh":"[PUBLIC_KEY_HASH]"},{"slot_index":8,"pkh":"[PUBLIC_KEY_HASH]"},{"slot_index":8,"pkh":"[PUBLIC_KEY_HASH]"},{"slot_index":8,"pkh":"[PUBLIC_KEY_HASH]"},{"slot_index":9,"pkh":"[PUBLIC_KEY_HASH]"},{"slot_index":9,"pkh":"[PUBLIC_KEY_HASH]"},{"slot_index":9,"pkh":"[PUBLIC_KEY_HASH]"},{"slot_index":9,"pkh":"[PUBLIC_KEY_HASH]"},{"slot_index":9,"pkh":"[PUBLIC_KEY_HASH]"},{"slot_index":10,"pkh":"[PUBLIC_KEY_HASH]"},{"slot_index":10,"pkh":"[PUBLIC_KEY_HASH]"},{"slot_index":10,"pkh":"[PUBLIC_KEY_HASH]"},{"slot_index":10,"pkh":"[PUBLIC_KEY_HASH]"},{"slot_index":10,"pkh":"[PUBLIC_KEY_HASH]"},{"slot_index":11,"pkh":"[PUBLIC_KEY_HASH]"},{"slot_index":11,"pkh":"[PUBLIC_KEY_HASH]"},{"slot_index":11,"pkh":"[PUBLIC_KEY_HASH]"},{"slot_index":11,"pkh":"[PUBLIC_KEY_HASH]"},{"slot_index":11,"pkh":"[PUBLIC_KEY_HASH]"},{"slot_index":12,"pkh":"[PUBLIC_KEY_HASH]"},{"slot_index":12,"pkh":"[PUBLIC_KEY_HASH]"},{"slot_index":12,"pkh":"[PUBLIC_KEY_HASH]"},{"slot_index":12,"pkh":"[PUBLIC_KEY_HASH]"},{"slot_index":12,"pkh":"[PUBLIC_KEY_HASH]"},{"slot_index":13,"pkh":"[PUBLIC_KEY_HASH]"},{"slot_index":13,"pkh":"[PUBLIC_KEY_HASH]"},{"slot_index":13,"pkh":"[PUBLIC_KEY_HASH]"},{"slot_index":13,"pkh":"[PUBLIC_KEY_HASH]"},{"slot_index":13,"pkh":"[PUBLIC_KEY_HASH]"},{"slot_index":14,"pkh":"[PUBLIC_KEY_HASH]"},{"slot_index":14,"pkh":"[PUBLIC_KEY_HASH]"},{"slot_index":14,"pkh":"[PUBLIC_KEY_HASH]"},{"slot_index":14,"pkh":"[PUBLIC_KEY_HASH]"},{"slot_index":14,"pkh":"[PUBLIC_KEY_HASH]"},{"slot_index":15,"pkh":"[PUBLIC_KEY_HASH]"},{"slot_index":15,"pkh":"[PUBLIC_KEY_HASH]"},{"slot_index":15,"pkh":"[PUBLIC_KEY_HASH]"},{"slot_index":15,"pkh":"[PUBLIC_KEY_HASH]"},{"slot_index":15,"pkh":"[PUBLIC_KEY_HASH]"}],"direct":false,"outbound":true}}]

GET http://[HOST]:[PORT]/p2p/gossipsub/connections
200 OK
[{"peer":"[PEER]","connection":{"topics":[{"slot_index":0,"pkh":"[PUBLIC_KEY_HASH]"},{"slot_index":0,"pkh":"[PUBLIC_KEY_HASH]"},{"slot_index":0,"pkh":"[PUBLIC_KEY_HASH]"},{"slot_index":0,"pkh":"[PUBLIC_KEY_HASH]"},{"slot_index":0,"pkh":"[PUBLIC_KEY_HASH]"}],"direct":false,"outbound":false}},{"peer":"[PEER]","connection":{"topics":[{"slot_index":0,"pkh":"[PUBLIC_KEY_HASH]"},{"slot_index":0,"pkh":"[PUBLIC_KEY_HASH]"},{"slot_index":0,"pkh":"[PUBLIC_KEY_HASH]"},{"slot_index":0,"pkh":"[PUBLIC_KEY_HASH]"},{"slot_index":0,"pkh":"[PUBLIC_KEY_HASH]"},{"slot_index":1,"pkh":"[PUBLIC_KEY_HASH]"},{"slot_index":1,"pkh":"[PUBLIC_KEY_HASH]"},{"slot_index":1,"pkh":"[PUBLIC_KEY_HASH]"},{"slot_index":1,"pkh":"[PUBLIC_KEY_HASH]"},{"slot_index":1,"pkh":"[PUBLIC_KEY_HASH]"},{"slot_index":2,"pkh":"[PUBLIC_KEY_HASH]"},{"slot_index":2,"pkh":"[PUBLIC_KEY_HASH]"},{"slot_index":2,"pkh":"[PUBLIC_KEY_HASH]"},{"slot_index":2,"pkh":"[PUBLIC_KEY_HASH]"},{"slot_index":2,"pkh":"[PUBLIC_KEY_HASH]"},{"slot_index":3,"pkh":"[PUBLIC_KEY_HASH]"},{"slot_index":3,"pkh":"[PUBLIC_KEY_HASH]"},{"slot_index":3,"pkh":"[PUBLIC_KEY_HASH]"},{"slot_index":3,"pkh":"[PUBLIC_KEY_HASH]"},{"slot_index":3,"pkh":"[PUBLIC_KEY_HASH]"},{"slot_index":4,"pkh":"[PUBLIC_KEY_HASH]"},{"slot_index":4,"pkh":"[PUBLIC_KEY_HASH]"},{"slot_index":4,"pkh":"[PUBLIC_KEY_HASH]"},{"slot_index":4,"pkh":"[PUBLIC_KEY_HASH]"},{"slot_index":4,"pkh":"[PUBLIC_KEY_HASH]"},{"slot_index":5,"pkh":"[PUBLIC_KEY_HASH]"},{"slot_index":5,"pkh":"[PUBLIC_KEY_HASH]"},{"slot_index":5,"pkh":"[PUBLIC_KEY_HASH]"},{"slot_index":5,"pkh":"[PUBLIC_KEY_HASH]"},{"slot_index":5,"pkh":"[PUBLIC_KEY_HASH]"},{"slot_index":6,"pkh":"[PUBLIC_KEY_HASH]"},{"slot_index":6,"pkh":"[PUBLIC_KEY_HASH]"},{"slot_index":6,"pkh":"[PUBLIC_KEY_HASH]"},{"slot_index":6,"pkh":"[PUBLIC_KEY_HASH]"},{"slot_index":6,"pkh":"[PUBLIC_KEY_HASH]"},{"slot_index":7,"pkh":"[PUBLIC_KEY_HASH]"},{"slot_index":7,"pkh":"[PUBLIC_KEY_HASH]"},{"slot_index":7,"pkh":"[PUBLIC_KEY_HASH]"},{"slot_index":7,"pkh":"[PUBLIC_KEY_HASH]"},{"slot_index":7,"pkh":"[PUBLIC_KEY_HASH]"},{"slot_index":8,"pkh":"[PUBLIC_KEY_HASH]"},{"slot_index":8,"pkh":"[PUBLIC_KEY_HASH]"},{"slot_index":8,"pkh":"[PUBLIC_KEY_HASH]"},{"slot_index":8,"pkh":"[PUBLIC_KEY_HASH]"},{"slot_index":8,"pkh":"[PUBLIC_KEY_HASH]"},{"slot_index":9,"pkh":"[PUBLIC_KEY_HASH]"},{"slot_index":9,"pkh":"[PUBLIC_KEY_HASH]"},{"slot_index":9,"pkh":"[PUBLIC_KEY_HASH]"},{"slot_index":9,"pkh":"[PUBLIC_KEY_HASH]"},{"slot_index":9,"pkh":"[PUBLIC_KEY_HASH]"},{"slot_index":10,"pkh":"[PUBLIC_KEY_HASH]"},{"slot_index":10,"pkh":"[PUBLIC_KEY_HASH]"},{"slot_index":10,"pkh":"[PUBLIC_KEY_HASH]"},{"slot_index":10,"pkh":"[PUBLIC_KEY_HASH]"},{"slot_index":10,"pkh":"[PUBLIC_KEY_HASH]"},{"slot_index":11,"pkh":"[PUBLIC_KEY_HASH]"},{"slot_index":11,"pkh":"[PUBLIC_KEY_HASH]"},{"slot_index":11,"pkh":"[PUBLIC_KEY_HASH]"},{"slot_index":11,"pkh":"[PUBLIC_KEY_HASH]"},{"slot_index":11,"pkh":"[PUBLIC_KEY_HASH]"},{"slot_index":12,"pkh":"[PUBLIC_KEY_HASH]"},{"slot_index":12,"pkh":"[PUBLIC_KEY_HASH]"},{"slot_index":12,"pkh":"[PUBLIC_KEY_HASH]"},{"slot_index":12,"pkh":"[PUBLIC_KEY_HASH]"},{"slot_index":12,"pkh":"[PUBLIC_KEY_HASH]"},{"slot_index":13,"pkh":"[PUBLIC_KEY_HASH]"},{"slot_index":13,"pkh":"[PUBLIC_KEY_HASH]"},{"slot_index":13,"pkh":"[PUBLIC_KEY_HASH]"},{"slot_index":13,"pkh":"[PUBLIC_KEY_HASH]"},{"slot_index":13,"pkh":"[PUBLIC_KEY_HASH]"},{"slot_index":14,"pkh":"[PUBLIC_KEY_HASH]"},{"slot_index":14,"pkh":"[PUBLIC_KEY_HASH]"},{"slot_index":14,"pkh":"[PUBLIC_KEY_HASH]"},{"slot_index":14,"pkh":"[PUBLIC_KEY_HASH]"},{"slot_index":14,"pkh":"[PUBLIC_KEY_HASH]"},{"slot_index":15,"pkh":"[PUBLIC_KEY_HASH]"},{"slot_index":15,"pkh":"[PUBLIC_KEY_HASH]"},{"slot_index":15,"pkh":"[PUBLIC_KEY_HASH]"},{"slot_index":15,"pkh":"[PUBLIC_KEY_HASH]"},{"slot_index":15,"pkh":"[PUBLIC_KEY_HASH]"}],"direct":false,"outbound":true}}]

GET http://[HOST]:[PORT]/p2p/gossipsub/connections
200 OK
[{"peer":"[PEER]","connection":{"topics":[{"slot_index":0,"pkh":"[PUBLIC_KEY_HASH]"},{"slot_index":0,"pkh":"[PUBLIC_KEY_HASH]"},{"slot_index":0,"pkh":"[PUBLIC_KEY_HASH]"},{"slot_index":0,"pkh":"[PUBLIC_KEY_HASH]"},{"slot_index":0,"pkh":"[PUBLIC_KEY_HASH]"}],"direct":false,"outbound":false}},{"peer":"[PEER]","connection":{"topics":[{"slot_index":0,"pkh":"[PUBLIC_KEY_HASH]"},{"slot_index":0,"pkh":"[PUBLIC_KEY_HASH]"},{"slot_index":0,"pkh":"[PUBLIC_KEY_HASH]"},{"slot_index":0,"pkh":"[PUBLIC_KEY_HASH]"},{"slot_index":0,"pkh":"[PUBLIC_KEY_HASH]"}],"direct":false,"outbound":false}}]

