GET http://[HOST]:[PORT]/p2p/gossipsub/connections
200 OK
[{"peer":"idsSUgTq57Y97wjS5W9DsmbK6M6srN","connection":{"topics":[{"slot_index":0,"pkh":"[PUBLIC_KEY_HASH]"},{"slot_index":0,"pkh":"[PUBLIC_KEY_HASH]"},{"slot_index":0,"pkh":"[PUBLIC_KEY_HASH]"},{"slot_index":0,"pkh":"[PUBLIC_KEY_HASH]"},{"slot_index":0,"pkh":"[PUBLIC_KEY_HASH]"},{"slot_index":1,"pkh":"[PUBLIC_KEY_HASH]"},{"slot_index":1,"pkh":"[PUBLIC_KEY_HASH]"},{"slot_index":1,"pkh":"[PUBLIC_KEY_HASH]"},{"slot_index":1,"pkh":"[PUBLIC_KEY_HASH]"},{"slot_index":1,"pkh":"[PUBLIC_KEY_HASH]"},{"slot_index":2,"pkh":"[PUBLIC_KEY_HASH]"},{"slot_index":2,"pkh":"[PUBLIC_KEY_HASH]"},{"slot_index":2,"pkh":"[PUBLIC_KEY_HASH]"},{"slot_index":2,"pkh":"[PUBLIC_KEY_HASH]"},{"slot_index":2,"pkh":"[PUBLIC_KEY_HASH]"},{"slot_index":3,"pkh":"[PUBLIC_KEY_HASH]"},{"slot_index":3,"pkh":"[PUBLIC_KEY_HASH]"},{"slot_index":3,"pkh":"[PUBLIC_KEY_HASH]"},{"slot_index":3,"pkh":"[PUBLIC_KEY_HASH]"},{"slot_index":3,"pkh":"[PUBLIC_KEY_HASH]"},{"slot_index":4,"pkh":"[PUBLIC_KEY_HASH]"},{"slot_index":4,"pkh":"[PUBLIC_KEY_HASH]"},{"slot_index":4,"pkh":"[PUBLIC_KEY_HASH]"},{"slot_index":4,"pkh":"[PUBLIC_KEY_HASH]"},{"slot_index":4,"pkh":"[PUBLIC_KEY_HASH]"},{"slot_index":5,"pkh":"[PUBLIC_KEY_HASH]"},{"slot_index":5,"pkh":"[PUBLIC_KEY_HASH]"},{"slot_index":5,"pkh":"[PUBLIC_KEY_HASH]"},{"slot_index":5,"pkh":"[PUBLIC_KEY_HASH]"},{"slot_index":5,"pkh":"[PUBLIC_KEY_HASH]"},{"slot_index":6,"pkh":"[PUBLIC_KEY_HASH]"},{"slot_index":6,"pkh":"[PUBLIC_KEY_HASH]"},{"slot_index":6,"pkh":"[PUBLIC_KEY_HASH]"},{"slot_index":6,"pkh":"[PUBLIC_KEY_HASH]"},{"slot_index":6,"pkh":"[PUBLIC_KEY_HASH]"},{"slot_index":7,"pkh":"[PUBLIC_KEY_HASH]"},{"slot_index":7,"pkh":"[PUBLIC_KEY_HASH]"},{"slot_index":7,"pkh":"[PUBLIC_KEY_HASH]"},{"slot_index":7,"pkh":"[PUBLIC_KEY_HASH]"},{"slot_index":7,"pkh":"[PUBLIC_KEY_HASH]"},{"slot_index":8,"pkh":"[PUBLIC_KEY_HASH]"},{"slot_index":8,"pkh":"[PUBLIC_KEY_HASH]"},{"slot_index":8,"pkh":"[PUBLIC_KEY_HASH]"},{"slot_index":8,"pkh":"[PUBLIC_KEY_HASH]"},{"slot_index":8,"pkh":"[PUBLIC_KEY_HASH]"},{"slot_index":9,"pkh":"[PUBLIC_KEY_HASH]"},{"slot_index":9,"pkh":"[PUBLIC_KEY_HASH]"},{"slot_index":9,"pkh":"[PUBLIC_KEY_HASH]"},{"slot_index":9,"pkh":"[PUBLIC_KEY_HASH]"},{"slot_index":9,"pkh":"[PUBLIC_KEY_HASH]"},{"slot_index":10,"pkh":"[PUBLIC_KEY_HASH]"},{"slot_index":10,"pkh":"[PUBLIC_KEY_HASH]"},{"slot_index":10,"pkh":"[PUBLIC_KEY_HASH]"},{"slot_index":10,"pkh":"[PUBLIC_KEY_HASH]"},{"slot_index":10,"pkh":"[PUBLIC_KEY_HASH]"},{"slot_index":11,"pkh":"[PUBLIC_KEY_HASH]"},{"slot_index":11,"pkh":"[PUBLIC_KEY_HASH]"},{"slot_index":11,"pkh":"[PUBLIC_KEY_HASH]"},{"slot_index":11,"pkh":"[PUBLIC_KEY_HASH]"},{"slot_index":11,"pkh":"[PUBLIC_KEY_HASH]"},{"slot_index":12,"pkh":"[PUBLIC_KEY_HASH]"},{"slot_index":12,"pkh":"[PUBLIC_KEY_HASH]"},{"slot_index":12,"pkh":"[PUBLIC_KEY_HASH]"},{"slot_index":12,"pkh":"[PUBLIC_KEY_HASH]"},{"slot_index":12,"pkh":"[PUBLIC_KEY_HASH]"},{"slot_index":13,"pkh":"[PUBLIC_KEY_HASH]"},{"slot_index":13,"pkh":"[PUBLIC_KEY_HASH]"},{"slot_index":13,"pkh":"[PUBLIC_KEY_HASH]"},{"slot_index":13,"pkh":"[PUBLIC_KEY_HASH]"},{"slot_index":13,"pkh":"[PUBLIC_KEY_HASH]"},{"slot_index":14,"pkh":"[PUBLIC_KEY_HASH]"},{"slot_index":14,"pkh":"[PUBLIC_KEY_HASH]"},{"slot_index":14,"pkh":"[PUBLIC_KEY_HASH]"},{"slot_index":14,"pkh":"[PUBLIC_KEY_HASH]"},{"slot_index":14,"pkh":"[PUBLIC_KEY_HASH]"},{"slot_index":15,"pkh":"[PUBLIC_KEY_HASH]"},{"slot_index":15,"pkh":"[PUBLIC_KEY_HASH]"},{"slot_index":15,"pkh":"[PUBLIC_KEY_HASH]"},{"slot_index":15,"pkh":"[PUBLIC_KEY_HASH]"},{"slot_index":15,"pkh":"[PUBLIC_KEY_HASH]"}],"direct":false,"outbound":true}},{"peer":"idqUqmQHLB1cq4MuK4DmmbzGUsqgHv","connection":{"topics":[{"slot_index":0,"pkh":"[PUBLIC_KEY_HASH]"},{"slot_index":0,"pkh":"[PUBLIC_KEY_HASH]"},{"slot_index":0,"pkh":"[PUBLIC_KEY_HASH]"},{"slot_index":0,"pkh":"[PUBLIC_KEY_HASH]"},{"slot_index":0,"pkh":"[PUBLIC_KEY_HASH]"}],"direct":false,"outbound":false}}]

GET http://[HOST]:[PORT]/p2p/gossipsub/connections
200 OK
[{"peer":"idsSUgTq57Y97wjS5W9DsmbK6M6srN","connection":{"topics":[{"slot_index":0,"pkh":"[PUBLIC_KEY_HASH]"},{"slot_index":0,"pkh":"[PUBLIC_KEY_HASH]"},{"slot_index":0,"pkh":"[PUBLIC_KEY_HASH]"},{"slot_index":0,"pkh":"[PUBLIC_KEY_HASH]"},{"slot_index":0,"pkh":"[PUBLIC_KEY_HASH]"},{"slot_index":1,"pkh":"[PUBLIC_KEY_HASH]"},{"slot_index":1,"pkh":"[PUBLIC_KEY_HASH]"},{"slot_index":1,"pkh":"[PUBLIC_KEY_HASH]"},{"slot_index":1,"pkh":"[PUBLIC_KEY_HASH]"},{"slot_index":1,"pkh":"[PUBLIC_KEY_HASH]"},{"slot_index":2,"pkh":"[PUBLIC_KEY_HASH]"},{"slot_index":2,"pkh":"[PUBLIC_KEY_HASH]"},{"slot_index":2,"pkh":"[PUBLIC_KEY_HASH]"},{"slot_index":2,"pkh":"[PUBLIC_KEY_HASH]"},{"slot_index":2,"pkh":"[PUBLIC_KEY_HASH]"},{"slot_index":3,"pkh":"[PUBLIC_KEY_HASH]"},{"slot_index":3,"pkh":"[PUBLIC_KEY_HASH]"},{"slot_index":3,"pkh":"[PUBLIC_KEY_HASH]"},{"slot_index":3,"pkh":"[PUBLIC_KEY_HASH]"},{"slot_index":3,"pkh":"[PUBLIC_KEY_HASH]"},{"slot_index":4,"pkh":"[PUBLIC_KEY_HASH]"},{"slot_index":4,"pkh":"[PUBLIC_KEY_HASH]"},{"slot_index":4,"pkh":"[PUBLIC_KEY_HASH]"},{"slot_index":4,"pkh":"[PUBLIC_KEY_HASH]"},{"slot_index":4,"pkh":"[PUBLIC_KEY_HASH]"},{"slot_index":5,"pkh":"[PUBLIC_KEY_HASH]"},{"slot_index":5,"pkh":"[PUBLIC_KEY_HASH]"},{"slot_index":5,"pkh":"[PUBLIC_KEY_HASH]"},{"slot_index":5,"pkh":"[PUBLIC_KEY_HASH]"},{"slot_index":5,"pkh":"[PUBLIC_KEY_HASH]"},{"slot_index":6,"pkh":"[PUBLIC_KEY_HASH]"},{"slot_index":6,"pkh":"[PUBLIC_KEY_HASH]"},{"slot_index":6,"pkh":"[PUBLIC_KEY_HASH]"},{"slot_index":6,"pkh":"[PUBLIC_KEY_HASH]"},{"slot_index":6,"pkh":"[PUBLIC_KEY_HASH]"},{"slot_index":7,"pkh":"[PUBLIC_KEY_HASH]"},{"slot_index":7,"pkh":"[PUBLIC_KEY_HASH]"},{"slot_index":7,"pkh":"[PUBLIC_KEY_HASH]"},{"slot_index":7,"pkh":"[PUBLIC_KEY_HASH]"},{"slot_index":7,"pkh":"[PUBLIC_KEY_HASH]"},{"slot_index":8,"pkh":"[PUBLIC_KEY_HASH]"},{"slot_index":8,"pkh":"[PUBLIC_KEY_HASH]"},{"slot_index":8,"pkh":"[PUBLIC_KEY_HASH]"},{"slot_index":8,"pkh":"[PUBLIC_KEY_HASH]"},{"slot_index":8,"pkh":"[PUBLIC_KEY_HASH]"},{"slot_index":9,"pkh":"[PUBLIC_KEY_HASH]"},{"slot_index":9,"pkh":"[PUBLIC_KEY_HASH]"},{"slot_index":9,"pkh":"[PUBLIC_KEY_HASH]"},{"slot_index":9,"pkh":"[PUBLIC_KEY_HASH]"},{"slot_index":9,"pkh":"[PUBLIC_KEY_HASH]"},{"slot_index":10,"pkh":"[PUBLIC_KEY_HASH]"},{"slot_index":10,"pkh":"[PUBLIC_KEY_HASH]"},{"slot_index":10,"pkh":"[PUBLIC_KEY_HASH]"},{"slot_index":10,"pkh":"[PUBLIC_KEY_HASH]"},{"slot_index":10,"pkh":"[PUBLIC_KEY_HASH]"},{"slot_index":11,"pkh":"[PUBLIC_KEY_HASH]"},{"slot_index":11,"pkh":"[PUBLIC_KEY_HASH]"},{"slot_index":11,"pkh":"[PUBLIC_KEY_HASH]"},{"slot_index":11,"pkh":"[PUBLIC_KEY_HASH]"},{"slot_index":11,"pkh":"[PUBLIC_KEY_HASH]"},{"slot_index":12,"pkh":"[PUBLIC_KEY_HASH]"},{"slot_index":12,"pkh":"[PUBLIC_KEY_HASH]"},{"slot_index":12,"pkh":"[PUBLIC_KEY_HASH]"},{"slot_index":12,"pkh":"[PUBLIC_KEY_HASH]"},{"slot_index":12,"pkh":"[PUBLIC_KEY_HASH]"},{"slot_index":13,"pkh":"[PUBLIC_KEY_HASH]"},{"slot_index":13,"pkh":"[PUBLIC_KEY_HASH]"},{"slot_index":13,"pkh":"[PUBLIC_KEY_HASH]"},{"slot_index":13,"pkh":"[PUBLIC_KEY_HASH]"},{"slot_index":13,"pkh":"[PUBLIC_KEY_HASH]"},{"slot_index":14,"pkh":"[PUBLIC_KEY_HASH]"},{"slot_index":14,"pkh":"[PUBLIC_KEY_HASH]"},{"slot_index":14,"pkh":"[PUBLIC_KEY_HASH]"},{"slot_index":14,"pkh":"[PUBLIC_KEY_HASH]"},{"slot_index":14,"pkh":"[PUBLIC_KEY_HASH]"},{"slot_index":15,"pkh":"[PUBLIC_KEY_HASH]"},{"slot_index":15,"pkh":"[PUBLIC_KEY_HASH]"},{"slot_index":15,"pkh":"[PUBLIC_KEY_HASH]"},{"slot_index":15,"pkh":"[PUBLIC_KEY_HASH]"},{"slot_index":15,"pkh":"[PUBLIC_KEY_HASH]"}],"direct":false,"outbound":true}},{"peer":"ids8nEsMhpadz6NYrG5bKhDREMJbja","connection":{"topics":[{"slot_index":0,"pkh":"[PUBLIC_KEY_HASH]"},{"slot_index":0,"pkh":"[PUBLIC_KEY_HASH]"},{"slot_index":0,"pkh":"[PUBLIC_KEY_HASH]"},{"slot_index":0,"pkh":"[PUBLIC_KEY_HASH]"},{"slot_index":0,"pkh":"[PUBLIC_KEY_HASH]"}],"direct":false,"outbound":false}}]

GET http://[HOST]:[PORT]/p2p/gossipsub/connections
200 OK
[{"peer":"ids8nEsMhpadz6NYrG5bKhDREMJbja","connection":{"topics":[{"slot_index":0,"pkh":"[PUBLIC_KEY_HASH]"},{"slot_index":0,"pkh":"[PUBLIC_KEY_HASH]"},{"slot_index":0,"pkh":"[PUBLIC_KEY_HASH]"},{"slot_index":0,"pkh":"[PUBLIC_KEY_HASH]"},{"slot_index":0,"pkh":"[PUBLIC_KEY_HASH]"}],"direct":false,"outbound":false}},{"peer":"idqUqmQHLB1cq4MuK4DmmbzGUsqgHv","connection":{"topics":[{"slot_index":0,"pkh":"[PUBLIC_KEY_HASH]"},{"slot_index":0,"pkh":"[PUBLIC_KEY_HASH]"},{"slot_index":0,"pkh":"[PUBLIC_KEY_HASH]"},{"slot_index":0,"pkh":"[PUBLIC_KEY_HASH]"},{"slot_index":0,"pkh":"[PUBLIC_KEY_HASH]"}],"direct":false,"outbound":false}}]

