
./octez-client --wait none originate smart rollup rollup from bootstrap1 of kind riscv of type bytes with kernel kernel:src/riscv/assets/riscv-dummy.elf:e162d416fa0c3909bbde908311e873dbb87cd1a22d8c7daee1c77074090fe593 --burn-cap 9999999
Node is bootstrapped.
Estimated gas: 1933.839 units (will add 100 for safety)
Estimated storage: 6552 bytes added (will add 20 for safety)
Operation successfully injected in the node.
Operation hash is '[OPERATION_HASH]'
NOT waiting for the operation to be included.
Use command
  octez-client wait for [OPERATION_HASH] to be included --confirmations 1 --branch [BLOCK_HASH]
and/or an external block explorer to make sure that it has been included.
This sequence of operations was run:
  Manager signed operations:
    From: [PUBLIC_KEY_HASH]
    Fee to the baker: ꜩ0.000545
    Expected counter: 1
    Gas limit: 2034
    Storage limit: 6572 bytes
    Balance updates:
      [PUBLIC_KEY_HASH] ... -ꜩ0.000545
      payload fees(the block proposer) ....... +ꜩ0.000545
    Smart rollup origination:
      Kind: riscv
      Parameter type: bytes
      Kernel Blake2B hash: '8711b89903907c10b84c8eeda35df72bfb5cb7b79216f3c93a9ad6a0ccc6ac2a'
      This smart rollup origination was successfully applied
      Consumed gas: 1933.806
      Storage size: 6552 bytes
      Address: [SMART_ROLLUP_HASH]
      Genesis commitment hash: [SC_ROLLUP_COMMITMENT_HASH]
      Balance updates:
        [PUBLIC_KEY_HASH] ... -ꜩ1.638
        storage fees ........................... +ꜩ1.638

Smart rollup [SMART_ROLLUP_HASH] memorized as "rollup"
GET http://[HOST]:[PORT]/global/block/head/state_hash
200 OK
"[SC_ROLLUP_PVM_STATE_HASH]"

GET http://[HOST]:[PORT]/global/block/head/total_ticks
200 OK
"0"


./octez-client --wait none send smart rollup message '["1 6 + value"]' from bootstrap2
Node is bootstrapped.
Estimated gas: 170.597 units (will add 100 for safety)
Estimated storage: no bytes added
Operation successfully injected in the node.
Operation hash is '[OPERATION_HASH]'
NOT waiting for the operation to be included.
Use command
  octez-client wait for [OPERATION_HASH] to be included --confirmations 1 --branch [BLOCK_HASH]
and/or an external block explorer to make sure that it has been included.
This sequence of operations was run:
  Manager signed operations:
    From: [PUBLIC_KEY_HASH]
    Fee to the baker: ꜩ0.000271
    Expected counter: 1
    Gas limit: 271
    Storage limit: 0 bytes
    Balance updates:
      [PUBLIC_KEY_HASH] ... -ꜩ0.000271
      payload fees(the block proposer) ....... +ꜩ0.000271
    Smart rollup messages submission:
      This smart rollup messages submission was successfully applied
      Consumed gas: 170.530

GET http://[HOST]:[PORT]/global/block/head/state_hash
200 OK
"[SC_ROLLUP_PVM_STATE_HASH]"

GET http://[HOST]:[PORT]/global/block/head/total_ticks
200 OK
"11"

GET http://[HOST]:[PORT]/global/block/head/state_hash
200 OK
"[SC_ROLLUP_PVM_STATE_HASH]"

GET http://[HOST]:[PORT]/global/block/head/total_ticks
200 OK
"11"


./octez-client --wait none send smart rollup message '["2 8 + value"]' from bootstrap2
Node is bootstrapped.
Estimated gas: 170.597 units (will add 100 for safety)
Estimated storage: no bytes added
Operation successfully injected in the node.
Operation hash is '[OPERATION_HASH]'
NOT waiting for the operation to be included.
Use command
  octez-client wait for [OPERATION_HASH] to be included --confirmations 1 --branch [BLOCK_HASH]
and/or an external block explorer to make sure that it has been included.
This sequence of operations was run:
  Manager signed operations:
    From: [PUBLIC_KEY_HASH]
    Fee to the baker: ꜩ0.000271
    Expected counter: 2
    Gas limit: 271
    Storage limit: 0 bytes
    Balance updates:
      [PUBLIC_KEY_HASH] ... -ꜩ0.000271
      payload fees(the block proposer) ....... +ꜩ0.000271
    Smart rollup messages submission:
      This smart rollup messages submission was successfully applied
      Consumed gas: 170.530

GET http://[HOST]:[PORT]/global/block/head/state_hash
200 OK
"[SC_ROLLUP_PVM_STATE_HASH]"

GET http://[HOST]:[PORT]/global/block/head/total_ticks
200 OK
"19"

GET http://[HOST]:[PORT]/global/block/head/state_hash
200 OK
"[SC_ROLLUP_PVM_STATE_HASH]"

GET http://[HOST]:[PORT]/global/block/head/total_ticks
200 OK
"19"


./octez-client --wait none send smart rollup message '["3 10 + value"]' from bootstrap2
Node is bootstrapped.
Estimated gas: 170.635 units (will add 100 for safety)
Estimated storage: no bytes added
Operation successfully injected in the node.
Operation hash is '[OPERATION_HASH]'
NOT waiting for the operation to be included.
Use command
  octez-client wait for [OPERATION_HASH] to be included --confirmations 1 --branch [BLOCK_HASH]
and/or an external block explorer to make sure that it has been included.
This sequence of operations was run:
  Manager signed operations:
    From: [PUBLIC_KEY_HASH]
    Fee to the baker: ꜩ0.000272
    Expected counter: 3
    Gas limit: 271
    Storage limit: 0 bytes
    Balance updates:
      [PUBLIC_KEY_HASH] ... -ꜩ0.000272
      payload fees(the block proposer) ....... +ꜩ0.000272
    Smart rollup messages submission:
      This smart rollup messages submission was successfully applied
      Consumed gas: 170.569

GET http://[HOST]:[PORT]/global/block/head/state_hash
200 OK
"[SC_ROLLUP_PVM_STATE_HASH]"

GET http://[HOST]:[PORT]/global/block/head/total_ticks
200 OK
"27"

GET http://[HOST]:[PORT]/global/block/head/state_hash
200 OK
"[SC_ROLLUP_PVM_STATE_HASH]"

GET http://[HOST]:[PORT]/global/block/head/total_ticks
200 OK
"27"


./octez-client --wait none send smart rollup message '["4 12 + value"]' from bootstrap2
Node is bootstrapped.
Estimated gas: 170.635 units (will add 100 for safety)
Estimated storage: no bytes added
Operation successfully injected in the node.
Operation hash is '[OPERATION_HASH]'
NOT waiting for the operation to be included.
Use command
  octez-client wait for [OPERATION_HASH] to be included --confirmations 1 --branch [BLOCK_HASH]
and/or an external block explorer to make sure that it has been included.
This sequence of operations was run:
  Manager signed operations:
    From: [PUBLIC_KEY_HASH]
    Fee to the baker: ꜩ0.000272
    Expected counter: 4
    Gas limit: 271
    Storage limit: 0 bytes
    Balance updates:
      [PUBLIC_KEY_HASH] ... -ꜩ0.000272
      payload fees(the block proposer) ....... +ꜩ0.000272
    Smart rollup messages submission:
      This smart rollup messages submission was successfully applied
      Consumed gas: 170.569

GET http://[HOST]:[PORT]/global/block/head/state_hash
200 OK
"[SC_ROLLUP_PVM_STATE_HASH]"

GET http://[HOST]:[PORT]/global/block/head/total_ticks
200 OK
"35"

GET http://[HOST]:[PORT]/global/block/head/state_hash
200 OK
"[SC_ROLLUP_PVM_STATE_HASH]"

GET http://[HOST]:[PORT]/global/block/head/total_ticks
200 OK
"35"


./octez-client --wait none send smart rollup message '["5 14 + value"]' from bootstrap2
Node is bootstrapped.
Estimated gas: 170.635 units (will add 100 for safety)
Estimated storage: no bytes added
Operation successfully injected in the node.
Operation hash is '[OPERATION_HASH]'
NOT waiting for the operation to be included.
Use command
  octez-client wait for [OPERATION_HASH] to be included --confirmations 1 --branch [BLOCK_HASH]
and/or an external block explorer to make sure that it has been included.
This sequence of operations was run:
  Manager signed operations:
    From: [PUBLIC_KEY_HASH]
    Fee to the baker: ꜩ0.000272
    Expected counter: 5
    Gas limit: 271
    Storage limit: 0 bytes
    Balance updates:
      [PUBLIC_KEY_HASH] ... -ꜩ0.000272
      payload fees(the block proposer) ....... +ꜩ0.000272
    Smart rollup messages submission:
      This smart rollup messages submission was successfully applied
      Consumed gas: 170.569

GET http://[HOST]:[PORT]/global/block/head/state_hash
200 OK
"[SC_ROLLUP_PVM_STATE_HASH]"

GET http://[HOST]:[PORT]/global/block/head/total_ticks
200 OK
"43"

GET http://[HOST]:[PORT]/global/block/head/state_hash
200 OK
"[SC_ROLLUP_PVM_STATE_HASH]"

GET http://[HOST]:[PORT]/global/block/head/total_ticks
200 OK
"43"


./octez-client --wait none send smart rollup message '["6 16 + value"]' from bootstrap2
Node is bootstrapped.
Estimated gas: 170.635 units (will add 100 for safety)
Estimated storage: no bytes added
Operation successfully injected in the node.
Operation hash is '[OPERATION_HASH]'
NOT waiting for the operation to be included.
Use command
  octez-client wait for [OPERATION_HASH] to be included --confirmations 1 --branch [BLOCK_HASH]
and/or an external block explorer to make sure that it has been included.
This sequence of operations was run:
  Manager signed operations:
    From: [PUBLIC_KEY_HASH]
    Fee to the baker: ꜩ0.000272
    Expected counter: 6
    Gas limit: 271
    Storage limit: 0 bytes
    Balance updates:
      [PUBLIC_KEY_HASH] ... -ꜩ0.000272
      payload fees(the block proposer) ....... +ꜩ0.000272
    Smart rollup messages submission:
      This smart rollup messages submission was successfully applied
      Consumed gas: 170.569

GET http://[HOST]:[PORT]/global/block/head/state_hash
200 OK
"[SC_ROLLUP_PVM_STATE_HASH]"

GET http://[HOST]:[PORT]/global/block/head/total_ticks
200 OK
"51"

GET http://[HOST]:[PORT]/global/block/head/state_hash
200 OK
"[SC_ROLLUP_PVM_STATE_HASH]"

GET http://[HOST]:[PORT]/global/block/head/total_ticks
200 OK
"51"


./octez-client --wait none send smart rollup message '["7 18 + value"]' from bootstrap2
Node is bootstrapped.
Estimated gas: 170.635 units (will add 100 for safety)
Estimated storage: no bytes added
Operation successfully injected in the node.
Operation hash is '[OPERATION_HASH]'
NOT waiting for the operation to be included.
Use command
  octez-client wait for [OPERATION_HASH] to be included --confirmations 1 --branch [BLOCK_HASH]
and/or an external block explorer to make sure that it has been included.
This sequence of operations was run:
  Manager signed operations:
    From: [PUBLIC_KEY_HASH]
    Fee to the baker: ꜩ0.000272
    Expected counter: 7
    Gas limit: 271
    Storage limit: 0 bytes
    Balance updates:
      [PUBLIC_KEY_HASH] ... -ꜩ0.000272
      payload fees(the block proposer) ....... +ꜩ0.000272
    Smart rollup messages submission:
      This smart rollup messages submission was successfully applied
      Consumed gas: 170.569

GET http://[HOST]:[PORT]/global/block/head/state_hash
200 OK
"[SC_ROLLUP_PVM_STATE_HASH]"

GET http://[HOST]:[PORT]/global/block/head/total_ticks
200 OK
"59"

GET http://[HOST]:[PORT]/global/block/head/state_hash
200 OK
"[SC_ROLLUP_PVM_STATE_HASH]"

GET http://[HOST]:[PORT]/global/block/head/total_ticks
200 OK
"59"


./octez-client --wait none send smart rollup message '["8 20 + value"]' from bootstrap2
Node is bootstrapped.
Estimated gas: 170.635 units (will add 100 for safety)
Estimated storage: no bytes added
Operation successfully injected in the node.
Operation hash is '[OPERATION_HASH]'
NOT waiting for the operation to be included.
Use command
  octez-client wait for [OPERATION_HASH] to be included --confirmations 1 --branch [BLOCK_HASH]
and/or an external block explorer to make sure that it has been included.
This sequence of operations was run:
  Manager signed operations:
    From: [PUBLIC_KEY_HASH]
    Fee to the baker: ꜩ0.000272
    Expected counter: 8
    Gas limit: 271
    Storage limit: 0 bytes
    Balance updates:
      [PUBLIC_KEY_HASH] ... -ꜩ0.000272
      payload fees(the block proposer) ....... +ꜩ0.000272
    Smart rollup messages submission:
      This smart rollup messages submission was successfully applied
      Consumed gas: 170.569

GET http://[HOST]:[PORT]/global/block/head/state_hash
200 OK
"[SC_ROLLUP_PVM_STATE_HASH]"

GET http://[HOST]:[PORT]/global/block/head/total_ticks
200 OK
"67"

GET http://[HOST]:[PORT]/global/block/head/state_hash
200 OK
"[SC_ROLLUP_PVM_STATE_HASH]"

GET http://[HOST]:[PORT]/global/block/head/total_ticks
200 OK
"67"


./octez-client --wait none send smart rollup message '["9 22 + value"]' from bootstrap2
Node is bootstrapped.
Estimated gas: 170.635 units (will add 100 for safety)
Estimated storage: no bytes added
Operation successfully injected in the node.
Operation hash is '[OPERATION_HASH]'
NOT waiting for the operation to be included.
Use command
  octez-client wait for [OPERATION_HASH] to be included --confirmations 1 --branch [BLOCK_HASH]
and/or an external block explorer to make sure that it has been included.
This sequence of operations was run:
  Manager signed operations:
    From: [PUBLIC_KEY_HASH]
    Fee to the baker: ꜩ0.000272
    Expected counter: 9
    Gas limit: 271
    Storage limit: 0 bytes
    Balance updates:
      [PUBLIC_KEY_HASH] ... -ꜩ0.000272
      payload fees(the block proposer) ....... +ꜩ0.000272
    Smart rollup messages submission:
      This smart rollup messages submission was successfully applied
      Consumed gas: 170.569

GET http://[HOST]:[PORT]/global/block/head/state_hash
200 OK
"[SC_ROLLUP_PVM_STATE_HASH]"

GET http://[HOST]:[PORT]/global/block/head/total_ticks
200 OK
"75"

GET http://[HOST]:[PORT]/global/block/head/state_hash
200 OK
"[SC_ROLLUP_PVM_STATE_HASH]"

GET http://[HOST]:[PORT]/global/block/head/total_ticks
200 OK
"75"


./octez-client --wait none send smart rollup message '["10 24 + value"]' from bootstrap2
Node is bootstrapped.
Estimated gas: 170.673 units (will add 100 for safety)
Estimated storage: no bytes added
Operation successfully injected in the node.
Operation hash is '[OPERATION_HASH]'
NOT waiting for the operation to be included.
Use command
  octez-client wait for [OPERATION_HASH] to be included --confirmations 1 --branch [BLOCK_HASH]
and/or an external block explorer to make sure that it has been included.
This sequence of operations was run:
  Manager signed operations:
    From: [PUBLIC_KEY_HASH]
    Fee to the baker: ꜩ0.000273
    Expected counter: 10
    Gas limit: 271
    Storage limit: 0 bytes
    Balance updates:
      [PUBLIC_KEY_HASH] ... -ꜩ0.000273
      payload fees(the block proposer) ....... +ꜩ0.000273
    Smart rollup messages submission:
      This smart rollup messages submission was successfully applied
      Consumed gas: 170.607

GET http://[HOST]:[PORT]/global/block/head/state_hash
200 OK
"[SC_ROLLUP_PVM_STATE_HASH]"

GET http://[HOST]:[PORT]/global/block/head/total_ticks
200 OK
"83"

