
./src/riscv/riscv-sandbox rvemu --input tezt/tests/riscv-tests/generated/rv64um-p-div --posix
Received request to exit with code 0
rv64um-p-div: success

./src/riscv/riscv-sandbox rvemu --input tezt/tests/riscv-tests/generated/rv64um-p-divu --posix
Received request to exit with code 0
rv64um-p-divu: success

./src/riscv/riscv-sandbox rvemu --input tezt/tests/riscv-tests/generated/rv64um-p-divuw --posix
Received request to exit with code 0
rv64um-p-divuw: success

./src/riscv/riscv-sandbox rvemu --input tezt/tests/riscv-tests/generated/rv64um-p-divw --posix
Received request to exit with code 0
rv64um-p-divw: success

./src/riscv/riscv-sandbox rvemu --input tezt/tests/riscv-tests/generated/rv64um-p-mul --posix
Received request to exit with code 0
rv64um-p-mul: success

./src/riscv/riscv-sandbox rvemu --input tezt/tests/riscv-tests/generated/rv64um-p-mulh --posix
Received request to exit with code 0
rv64um-p-mulh: success

./src/riscv/riscv-sandbox rvemu --input tezt/tests/riscv-tests/generated/rv64um-p-mulhsu --posix
Received request to exit with code 0
rv64um-p-mulhsu: success

./src/riscv/riscv-sandbox rvemu --input tezt/tests/riscv-tests/generated/rv64um-p-mulhu --posix
Received request to exit with code 0
rv64um-p-mulhu: success

./src/riscv/riscv-sandbox rvemu --input tezt/tests/riscv-tests/generated/rv64um-p-mulw --posix
Received request to exit with code 0
rv64um-p-mulw: success

./src/riscv/riscv-sandbox rvemu --input tezt/tests/riscv-tests/generated/rv64um-p-rem --posix
Received request to exit with code 0
rv64um-p-rem: success

./src/riscv/riscv-sandbox rvemu --input tezt/tests/riscv-tests/generated/rv64um-p-remu --posix
Received request to exit with code 0
rv64um-p-remu: success

./src/riscv/riscv-sandbox rvemu --input tezt/tests/riscv-tests/generated/rv64um-p-remuw --posix
Received request to exit with code 0
rv64um-p-remuw: success

./src/riscv/riscv-sandbox rvemu --input tezt/tests/riscv-tests/generated/rv64um-p-remw --posix
Received request to exit with code 0
rv64um-p-remw: success

./src/riscv/riscv-sandbox rvemu --input tezt/tests/riscv-tests/generated/rv64um-v-div --posix
thread 'main' panicked at sandbox/src/commands/rvemu.rs:[LOCATION]:
Exception InstructionPageFault(2147494020) at 0x80002884: Invisible
note: run with `RUST_BACKTRACE=1` environment variable to display a backtrace
rv64um-v-div: fail

./src/riscv/riscv-sandbox rvemu --input tezt/tests/riscv-tests/generated/rv64um-v-divu --posix
thread 'main' panicked at sandbox/src/commands/rvemu.rs:[LOCATION]:
Exception InstructionPageFault(2147494020) at 0x80002884: Invisible
note: run with `RUST_BACKTRACE=1` environment variable to display a backtrace
rv64um-v-divu: fail

./src/riscv/riscv-sandbox rvemu --input tezt/tests/riscv-tests/generated/rv64um-v-divuw --posix
thread 'main' panicked at sandbox/src/commands/rvemu.rs:[LOCATION]:
Exception InstructionPageFault(2147494020) at 0x80002884: Invisible
note: run with `RUST_BACKTRACE=1` environment variable to display a backtrace
rv64um-v-divuw: fail

./src/riscv/riscv-sandbox rvemu --input tezt/tests/riscv-tests/generated/rv64um-v-divw --posix
thread 'main' panicked at sandbox/src/commands/rvemu.rs:[LOCATION]:
Exception InstructionPageFault(2147494020) at 0x80002884: Invisible
note: run with `RUST_BACKTRACE=1` environment variable to display a backtrace
rv64um-v-divw: fail

./src/riscv/riscv-sandbox rvemu --input tezt/tests/riscv-tests/generated/rv64um-v-mul --posix
thread 'main' panicked at sandbox/src/commands/rvemu.rs:[LOCATION]:
Exception InstructionPageFault(2147494020) at 0x80002884: Invisible
note: run with `RUST_BACKTRACE=1` environment variable to display a backtrace
rv64um-v-mul: fail

./src/riscv/riscv-sandbox rvemu --input tezt/tests/riscv-tests/generated/rv64um-v-mulh --posix
thread 'main' panicked at sandbox/src/commands/rvemu.rs:[LOCATION]:
Exception InstructionPageFault(2147494020) at 0x80002884: Invisible
note: run with `RUST_BACKTRACE=1` environment variable to display a backtrace
rv64um-v-mulh: fail

./src/riscv/riscv-sandbox rvemu --input tezt/tests/riscv-tests/generated/rv64um-v-mulhsu --posix
thread 'main' panicked at sandbox/src/commands/rvemu.rs:[LOCATION]:
Exception InstructionPageFault(2147494020) at 0x80002884: Invisible
note: run with `RUST_BACKTRACE=1` environment variable to display a backtrace
rv64um-v-mulhsu: fail

./src/riscv/riscv-sandbox rvemu --input tezt/tests/riscv-tests/generated/rv64um-v-mulhu --posix
thread 'main' panicked at sandbox/src/commands/rvemu.rs:[LOCATION]:
Exception InstructionPageFault(2147494020) at 0x80002884: Invisible
note: run with `RUST_BACKTRACE=1` environment variable to display a backtrace
rv64um-v-mulhu: fail

./src/riscv/riscv-sandbox rvemu --input tezt/tests/riscv-tests/generated/rv64um-v-mulw --posix
thread 'main' panicked at sandbox/src/commands/rvemu.rs:[LOCATION]:
Exception InstructionPageFault(2147494020) at 0x80002884: Invisible
note: run with `RUST_BACKTRACE=1` environment variable to display a backtrace
rv64um-v-mulw: fail

./src/riscv/riscv-sandbox rvemu --input tezt/tests/riscv-tests/generated/rv64um-v-rem --posix
thread 'main' panicked at sandbox/src/commands/rvemu.rs:[LOCATION]:
Exception InstructionPageFault(2147494020) at 0x80002884: Invisible
note: run with `RUST_BACKTRACE=1` environment variable to display a backtrace
rv64um-v-rem: fail

./src/riscv/riscv-sandbox rvemu --input tezt/tests/riscv-tests/generated/rv64um-v-remu --posix
thread 'main' panicked at sandbox/src/commands/rvemu.rs:[LOCATION]:
Exception InstructionPageFault(2147494020) at 0x80002884: Invisible
note: run with `RUST_BACKTRACE=1` environment variable to display a backtrace
rv64um-v-remu: fail

./src/riscv/riscv-sandbox rvemu --input tezt/tests/riscv-tests/generated/rv64um-v-remuw --posix
thread 'main' panicked at sandbox/src/commands/rvemu.rs:[LOCATION]:
Exception InstructionPageFault(2147494020) at 0x80002884: Invisible
note: run with `RUST_BACKTRACE=1` environment variable to display a backtrace
rv64um-v-remuw: fail

./src/riscv/riscv-sandbox rvemu --input tezt/tests/riscv-tests/generated/rv64um-v-remw --posix
thread 'main' panicked at sandbox/src/commands/rvemu.rs:[LOCATION]:
Exception InstructionPageFault(2147494020) at 0x80002884: Invisible
note: run with `RUST_BACKTRACE=1` environment variable to display a backtrace
rv64um-v-remw: fail
