
./src/riscv/riscv-sandbox rvemu --input tezt/tests/riscv-tests/generated/rv64uc-p-rvc --posix
Received request to exit with code 0
rv64uc-p-rvc: success

./src/riscv/riscv-sandbox rvemu --input tezt/tests/riscv-tests/generated/rv64uc-v-rvc --posix
thread 'main' panicked at sandbox/src/commands/rvemu.rs:[LOCATION]:
Exception InstructionPageFault(2147494020) at 0x80002884: Invisible
note: run with `RUST_BACKTRACE=1` environment variable to display a backtrace
rv64uc-v-rvc: fail
