
./src/riscv/riscv-sandbox rvemu --input tezt/tests/riscv-tests/generated/rv64si-p-csr --posix
Received request to exit with code 37
rv64si-p-csr: fail

./src/riscv/riscv-sandbox rvemu --input tezt/tests/riscv-tests/generated/rv64si-p-dirty --posix
thread 'main' panicked at sandbox/src/commands/rvemu.rs:[LOCATION]:
Exception EnvironmentCallFromMMode at 0x80000324: Requested
note: run with `RUST_BACKTRACE=1` environment variable to display a backtrace
rv64si-p-dirty: fail

./src/riscv/riscv-sandbox rvemu --input tezt/tests/riscv-tests/generated/rv64si-p-icache-alias --posix
thread 'main' panicked at sandbox/src/commands/rvemu.rs:[LOCATION]:
Exception IllegalInstruction(0) at 0x8: Invisible
note: run with `RUST_BACKTRACE=1` environment variable to display a backtrace
rv64si-p-icache-alias: fail

./src/riscv/riscv-sandbox rvemu --input tezt/tests/riscv-tests/generated/rv64si-p-ma_fetch --posix
Received request to exit with code 0
rv64si-p-ma_fetch: success

./src/riscv/riscv-sandbox rvemu --input tezt/tests/riscv-tests/generated/rv64si-p-sbreak --posix
thread 'main' panicked at sandbox/src/commands/rvemu.rs:[LOCATION]:
Exception Breakpoint at 0x800001ac: Requested
note: run with `RUST_BACKTRACE=1` environment variable to display a backtrace
rv64si-p-sbreak: fail

./src/riscv/riscv-sandbox rvemu --input tezt/tests/riscv-tests/generated/rv64si-p-scall --posix
Error: "Failed to handle environment call at 800001cc: Unimplemented system call 0"
rv64si-p-scall: fail

./src/riscv/riscv-sandbox rvemu --input tezt/tests/riscv-tests/generated/rv64si-p-wfi --posix
thread 'main' panicked at sandbox/src/commands/rvemu.rs:[LOCATION]:
Stuck at 0x800001b4
note: run with `RUST_BACKTRACE=1` environment variable to display a backtrace
rv64si-p-wfi: fail
