
./octez-codec encode beta.nonce from '"0000000000000000000000000000000000000000000000000000000000000000"'
0000000000000000000000000000000000000000000000000000000000000000

./octez-codec decode beta.nonce from 0000000000000000000000000000000000000000000000000000000000000000
"0000000000000000000000000000000000000000000000000000000000000000"
