
./octez-codec encode beta.timestamp from '"2020-04-20T16:19:59Z"'
000000005e9dcbaf

./octez-codec decode beta.timestamp from 000000005e9dcbaf
"2020-04-20T16:19:59Z"
